<Entities>
  <Entity Name="DirectionalLight">
    <Components>
      <Type TypeID="EE::Render::DirectionalLightComponent">
        <Property Path="m_name" Value="DirectionalLight" />
        <Property Path="m_transform" Value="135.000000,-0.000000,0.000000,0.000000,0.000000,10.000000,1.000000,1.000000,1.000000" />
        <Property Path="m_intensity" Value="20.000000" />
        <Property Path="m_shadowed" Value="True" />
      </Type>
    </Components>
  </Entity>
  <Entity Name="Floor">
    <Components>
      <Type TypeID="EE::Physics::CollisionMeshComponent">
        <Property Path="m_name" Value="FloorCollision" />
        <Property Path="m_collisionMesh" Value="data://editor/floor/floor.pmsh" />
      </Type>
      <Type TypeID="EE::Render::StaticMeshComponent" SpatialParent="FloorCollision">
        <Property Path="m_name" Value="FloorMesh" />
        <Property Path="m_mesh" Value="data://editor/floor/floor.msh" />
      </Type>
    </Components>
  </Entity>
  <Entity Name="GlobalEnvMap">
    <Components>
      <Type TypeID="EE::Render::GlobalEnvironmentMapComponent">
        <Property Path="m_name" Value="GlobalEnvMapComp" />
        <Property Path="m_skyboxTexture" Value="data://editor/skybox/editorskybox.cbmp" />
        <Property Path="m_skyboxRadianceTexture" Value="data://editor/skybox/editorskybox.cbmp" />
        <Property Path="m_skyboxIntensity" Value="1.500000" />
      </Type>
    </Components>
  </Entity>
</Entities>
